ANSI_CLS			= 81F9, L: LOOP
ANSI_HOME			= 81FE, L: LOOP
ANSI_RESET			= 8203, L: LOOP
ANSI_SCRM			= 81F3, L: LOOP
COL_START			= 8119, L: LOOP
COPY_STR_SCR			= 811C, L: LOOP
COPY_STR_SCR_1			= 811E, L: LOOP
COPY_STR_SCR_END		= 812B, L: LOOP
FILL_SCR_ATTR			= 80E3, L: LOOP
FILL_SCR_BUFF			= 80D5, L: LOOP
GET_ATTR			= 8145, L: LOOP
GET_ATTR_ANSI			= 8159, L: LOOP
GET_ATTR_END			= 817F, L: LOOP
INIT2				= 8080, L: LOOP
INIT_STR1			= 8208, L: LOOP
LN_START_1			= 8114, L: LOOP
LOOP_COUNTER			= 821B, L: LOOP
MEM_ANSI_STRINGS		= 81F3, L: LOOP
MEM_READONLY			= 81F3, L: LOOP
MEM_READWRITE			= 821B, L: LOOP
PNT_NUM				= 812D, L: LOOP
PNT_NUM1			= 8139, L: LOOP
PNT_NUM2			= 813B, L: LOOP
PRINT_STR			= 80C6, L: LOOP
PRINT_STR_1			= 80C8, L: LOOP
PRINT_STR_END			= 80D2, L: LOOP
PRNT_COL			= 80F8, L: LOOP
PRNT_LINE			= 80F6, L: LOOP
PRNT_SCR			= 80F1, L: LOOP
PRNT_SCR_DONE			= 810B, L: LOOP
RX_NOWAIT			= 81C9, L: LOOP
RX_NOWAIT_NO_WRAP		= 81DC, L: LOOP
RX_NOWAIT_RTS1			= 81EF, L: LOOP
SCROLL_SCR			= 8198, L: LOOP
SCR_ATTR			= 83AC, L: LOOP
SCR_ATTR_BUFF			= 853C, L: LOOP
SCR_BUFF			= 821C, L: LOOP
SET_ATTR			= 818A, L: LOOP
SET_ATTR_BUFF			= 8184, L: LOOP
SET_POS				= 810C, L: LOOP
START				= 80A2, L: LOOP


INIT2				= 8080, L: LOOP
START				= 80A2, L: LOOP
PRINT_STR			= 80C6, L: LOOP
PRINT_STR_1			= 80C8, L: LOOP
PRINT_STR_END			= 80D2, L: LOOP
FILL_SCR_BUFF			= 80D5, L: LOOP
FILL_SCR_ATTR			= 80E3, L: LOOP
PRNT_SCR			= 80F1, L: LOOP
PRNT_LINE			= 80F6, L: LOOP
PRNT_COL			= 80F8, L: LOOP
PRNT_SCR_DONE			= 810B, L: LOOP
SET_POS				= 810C, L: LOOP
LN_START_1			= 8114, L: LOOP
COL_START			= 8119, L: LOOP
COPY_STR_SCR			= 811C, L: LOOP
COPY_STR_SCR_1			= 811E, L: LOOP
COPY_STR_SCR_END		= 812B, L: LOOP
PNT_NUM				= 812D, L: LOOP
PNT_NUM1			= 8139, L: LOOP
PNT_NUM2			= 813B, L: LOOP
GET_ATTR			= 8145, L: LOOP
GET_ATTR_ANSI			= 8159, L: LOOP
GET_ATTR_END			= 817F, L: LOOP
SET_ATTR_BUFF			= 8184, L: LOOP
SET_ATTR			= 818A, L: LOOP
SCROLL_SCR			= 8198, L: LOOP
RX_NOWAIT			= 81C9, L: LOOP
RX_NOWAIT_NO_WRAP		= 81DC, L: LOOP
RX_NOWAIT_RTS1			= 81EF, L: LOOP
MEM_READONLY			= 81F3, L: LOOP
MEM_ANSI_STRINGS		= 81F3, L: LOOP
ANSI_SCRM			= 81F3, L: LOOP
ANSI_CLS			= 81F9, L: LOOP
ANSI_HOME			= 81FE, L: LOOP
ANSI_RESET			= 8203, L: LOOP
INIT_STR1			= 8208, L: LOOP
LOOP_COUNTER			= 821B, L: LOOP
MEM_READWRITE			= 821B, L: LOOP
SCR_BUFF			= 821C, L: LOOP
SCR_ATTR			= 83AC, L: LOOP
SCR_ATTR_BUFF			= 853C, L: LOOP
